{
  "json": {
    "json": {},
    "menu": {
      "menu": {},
      "id": {
        "id": "file"
      },
      "popup": {
        "popup": {},
        "menuitem": {
          "menuitem": []
        }
      },
      "value": {
        "value": "File"
      }
    }
  }
}